// Jest Snapshot v1, https://goo.gl/fbAQLP

exports[`Cart Component should render correctly 1`] = `ShallowWrapper {}`;
