// Jest Snapshot v1, https://goo.gl/fbAQLP

exports[`ListItem Component should render correctly 1`] = `ShallowWrapper {}`;
